{
	"Type": "testType",
	"IsLeaf": false,
	"SubNodes": {
		"resourceType": {
			"Type": "string",
			"IsLeaf": true,
			"SubNodes": null,
			"ChoiceTypeNodes": null,
			"Name": "resourceType",
			"Depth": 1,
			"IsRepeated": false,
			"NodePaths": [
				"testType",
				"resourceType"
			]
		},
		"id": {
			"Type": "string",
			"IsLeaf": true,
			"SubNodes": null,
			"ChoiceTypeNodes": null,
			"Name": "id",
			"Depth": 1,
			"IsRepeated": false,
			"NodePaths": [
				"testType",
				"id"
			]
		}
	},
	"ChoiceTypeNodes": null,
	"Name": "testType",
	"Depth": 0,
	"IsRepeated": false,
	"NodePaths": [
		"testType"
	]
}