{
  "StartTime": "2022-12-01T09:18:12.0692082+00:00",
  "CompleteTime": "2022-12-01T09:20:57.0367552+00:00",
  "CreatedJobCount": 13,
  "RunningJobIds": [],
  "TotalResourceCounts": { "dicom": 1246 },
  "ProcessedResourceCounts": { "dicom": 1246 },
  "SkippedResourceCounts": { "dicom": 0 },
  "ProcessedCountInTotal": 1246,
  "ProcessedDataSizeInTotal": 12312497,
  "NextOffset": 1252
}