{
  "StartTime": "2022-08-26T09:13:51.4727546+00:00",
  "CreatedJobCount": 1,
  "NextJobTimestamp": "2022-07-01T00:00:00.0000000+00:00",
  "NextPatientIndex": 80,
  "RunningJobIds": [],
  "TotalResourceCounts": {
    "Patient": 80,
    "MedicationRequest": 151,
    "Condition": 2503
  },
  "ProcessedResourceCounts": {
    "Patient": 80,
    "MedicationRequest": 151,
    "Condition": 2503
  },
  "SkippedResourceCounts": {
    "Patient": 0,
    "MedicationRequest": 0,
    "Condition": 0
  }
}