{
  "StartTime": "2022-08-26T16:15:32.3291165+00:00",
  "CreatedJobCount": 1,
  "NextJobTimestamp": "2022-07-01T00:00:00.0000000+00:00",
  "NextPatientIndex": 80,
  "RunningJobIds": [],
  "TotalResourceCounts": {
    "MedicationRequest": 33,
    "Condition": 589
  },
  "ProcessedResourceCounts": {
    "MedicationRequest": 33,
    "Condition": 589
  },
  "SkippedResourceCounts": {
    "MedicationRequest": 0,
    "Condition": 0
  }
}