{
  "id": "297fc6bf5cf74b38bbc5bf8d7d554d73",
  "createdTime": "2022-07-11T15:21:23.7252259+00:00",
  "completedTime": "2022-07-11T15:21:55.1078822+00:00",
  "containerName": "43129cf7bc5741cbbd2d38bbab001c03",
  "dataPeriod": {
    "start": "1970-01-01T00:00:00+00:00",
    "end": "2022-07-01T00:00:00+00:00"
  },
  "filterInfo": {
    "filterScope": 1,
    "groupId": "af3aba4f-7bb6-41e3-85e4-d931d7653ede",
    "since": "1970-01-01T00:00:00+00:00",
    "typeFilters": [
      {
        "resourceType": "*",
        "parameters": []
      }
    ],
    "processedPatients": {}
  },
  "ResumedJobId": null,
  "status": 2,
  "patients": [
    {
      "patientId": "cbe1a164-c5c8-65b4-747a-829a6bd4e85f",
      "versionId": 0
    }
  ],
  "lastHeartBeat": "2022-07-11T15:21:55.1078822+00:00",
  "failedReason": null,
  "nextTaskIndex": 1,
  "runningTasks": {},
  "totalResourceCounts": {
    "Patient": 1,
    "ExplanationOfBenefit": 445,
    "Condition": 97,
    "DiagnosticReport": 270,
    "Encounter": 183,
    "DocumentReference": 183,
    "Claim": 445,
    "CareTeam": 6,
    "CarePlan": 6,
    "MedicationRequest": 262,
    "AllergyIntolerance": 1,
    "Observation": 768,
    "Procedure": 327,
    "Immunization": 13,
    "Provenance": 1
  },
  "processedResourceCounts": {
    "Patient": 1,
    "ExplanationOfBenefit": 445,
    "Condition": 97,
    "DiagnosticReport": 270,
    "Encounter": 183,
    "DocumentReference": 183,
    "Claim": 445,
    "CareTeam": 6,
    "CarePlan": 6,
    "MedicationRequest": 262,
    "AllergyIntolerance": 1,
    "Observation": 768,
    "Procedure": 327,
    "Immunization": 13,
    "Provenance": 1
  },
  "skippedResourceCounts": {
    "Patient": 0,
    "ExplanationOfBenefit": 0,
    "Condition": 0,
    "DiagnosticReport": 0,
    "Encounter": 0,
    "DocumentReference": 0,
    "Claim": 0,
    "CareTeam": 0,
    "CarePlan": 0,
    "MedicationRequest": 0,
    "AllergyIntolerance": 0,
    "Observation": 0,
    "Procedure": 0,
    "Immunization": 0,
    "Provenance": 0
  },
  "patientVersionId": {
    "cbe1a164-c5c8-65b4-747a-829a6bd4e85f": 1
  }
}