{
  "StartTime": "2022-08-26T08:05:42.5486063+00:00",
  "CreatedJobCount": 1,
  "NextJobTimestamp": "2022-07-01T00:00:00.0000000+00:00",
  "NextPatientIndex": 80,
  "RunningJobIds": [],
  "TotalResourceCounts": {
    "Patient": 80,
    "MedicationRequest": 184,
    "Condition": 3092
  },
  "ProcessedResourceCounts": {
    "Patient": 80,
    "MedicationRequest": 184,
    "Condition": 3092
  },
  "SkippedResourceCounts": {
    "Patient": 0,
    "MedicationRequest": 0,
    "Condition": 0
  }
}