{
  "CreateTime": "0001-01-01T00:00:00+00:00",
  "CreatedJobCount": 3,
  "NextJobTimestamp": "2022-07-01T00:00:00+00:00",
  "NextPatientIndex": 0,
  "RunningJobIds": [],
  "totalResourceCounts": {
    "Patient": 80,
    "Observation": 37080
  },
  "processedResourceCounts": {
    "Patient": 80,
    "Observation": 37080
  },
  "skippedResourceCounts": {
    "Patient": 0,
    "Observation": 0
  }
}