{
    "StartTime": "0001-01-01T00:00:00+00:00",
    "CreatedJobCount": 1,
    "SubmittedResourceTimestamps": {
        "Patient": "2022-07-01T00:00:00+00:00",
        "Observation": "2022-07-01T00:00:00+00:00"
    },
    "NextJobTimestamp": null,
    "NextPatientIndex": 0,
    "RunningJobIds": [],
    "TotalResourceCounts": {
        "Patient": 80,
        "Observation": 37080
    },
    "ProcessedResourceCounts": {
        "Patient": 80,
        "Observation": 37080
    },
    "SkippedResourceCounts": {
        "Patient": 0,
        "Observation": 0
    }
}